../Core/Src/main.c:125:5:main	8	static
../Core/Src/main.c:227:6:SystemClock_Config	88	static
../Core/Src/main.c:275:13:MX_ADC1_Init	24	static
../Core/Src/main.c:337:13:MX_TIM2_Init	32	static
../Core/Src/main.c:382:13:MX_TIM6_Init	16	static
../Core/Src/main.c:420:13:MX_USART2_UART_Init	8	static
../Core/Src/main.c:451:13:MX_DMA_Init	16	static
../Core/Src/main.c:469:13:MX_GPIO_Init	48	static
../Core/Src/main.c:503:6:HAL_ADC_ConvCpltCallback	16	static
../Core/Src/main.c:509:6:FFT_FreqCalculate	16	static
../Core/Src/main.c:515:6:AverageTempCalculate	32	static
../Core/Src/main.c:535:7:TempCalculate	24	static
../Core/Src/main.c:551:6:StartDefaultTask	96	static
../Core/Src/main.c:591:6:StartSendTask	160	static
../Core/Src/main.c:614:6:Callback01	24	static
../Core/Src/main.c:641:6:HAL_TIM_PeriodElapsedCallback	24	static
../Core/Src/main.c:674:6:Error_Handler	4	static,ignoring_inline_asm
